[technext.github.io/bocor/index.html]
[backblue.gif]
[fade.gif]
[index.html]
[technext.github.io/bocor/assets/img/favicon.png]
[technext.github.io/bocor/assets/img/apple-touch-icon.png]
[technext.github.io/bocor/assets/vendor/bootstrap/css/bootstrap.min.css]
[technext.github.io/bocor/assets/vendor/icofont/icofont.min.css]
[technext.github.io/bocor/assets/vendor/boxicons/css/boxicons.min.css]
[technext.github.io/bocor/assets/vendor/venobox/venobox.css]
[technext.github.io/bocor/assets/vendor/aos/aos.css]
[technext.github.io/bocor/assets/css/style.css]
[technext.github.io/bocor/assets/img/hero-img.png]
[technext.github.io/bocor/assets/img/clients/client-1.png]
[technext.github.io/bocor/assets/img/clients/client-2.png]
[technext.github.io/bocor/assets/img/clients/client-3.png]
[technext.github.io/bocor/assets/img/clients/client-4.png]
[technext.github.io/bocor/assets/img/clients/client-5.png]
[technext.github.io/bocor/assets/img/clients/client-6.png]
[technext.github.io/bocor/assets/img/services-1.jpg]
[technext.github.io/bocor/assets/img/services-2.jpg]
[technext.github.io/bocor/assets/img/services-3.jpg]
[technext.github.io/bocor/assets/img/services-4.jpg]
[technext.github.io/bocor/assets/img/features-1.svg]
[technext.github.io/bocor/assets/img/features-2.svg]
[technext.github.io/bocor/assets/img/features-3.svg]
[technext.github.io/bocor/assets/img/features-4.svg]
[technext.github.io/bocor/assets/img/portfolio/portfolio-1.jpg]
[technext.github.io/bocor/assets/img/portfolio/portfolio-2.jpg]
[technext.github.io/bocor/assets/img/portfolio/portfolio-3.jpg]
[technext.github.io/bocor/assets/img/portfolio/portfolio-4.jpg]
[technext.github.io/bocor/assets/img/portfolio/portfolio-5.jpg]
[technext.github.io/bocor/assets/img/portfolio/portfolio-6.jpg]
[technext.github.io/bocor/assets/img/portfolio/portfolio-7.jpg]
[technext.github.io/bocor/assets/img/portfolio/portfolio-8.jpg]
[technext.github.io/bocor/assets/img/portfolio/portfolio-9.jpg]
[technext.github.io/bocor/assets/img/team/team-1.jpg]
[technext.github.io/bocor/assets/img/team/team-2.jpg]
[technext.github.io/bocor/assets/img/team/team-3.jpg]
[technext.github.io/bocor/assets/img/team/team-4.jpg]
[technext.github.io/bocor/assets/vendor/jquery/jquery.min.js]
[technext.github.io/bocor/assets/vendor/bootstrap/js/bootstrap.bundle.min.js]
[technext.github.io/bocor/assets/vendor/jquery.easing/jquery.easing.min.js]
[technext.github.io/bocor/assets/vendor/php-email-form/validate.js]
[technext.github.io/bocor/assets/vendor/isotope-layout/isotope.pkgd.min.js]
[technext.github.io/bocor/assets/vendor/venobox/venobox.min.js]
[technext.github.io/bocor/assets/vendor/aos/aos.js]
[technext.github.io/bocor/assets/js/main.js]
[technext.github.io/bocor/index.html]
[technext.github.io/bocor/assets/vendor/bootstrap/css/bootstrap.min.css]
[technext.github.io/bocor/assets/vendor/icofont/fonts/icofont.woff2]
[technext.github.io/bocor/assets/vendor/icofont/fonts/icofont.woff]
[technext.github.io/bocor/assets/vendor/icofont/icofont.min.css]
[technext.github.io/bocor/assets/vendor/boxicons/fonts/boxicons.eot]
[technext.github.io/bocor/assets/vendor/boxicons/fonts/boxicons.woff2]
[technext.github.io/bocor/assets/vendor/boxicons/fonts/boxicons.woff]
[technext.github.io/bocor/assets/vendor/boxicons/fonts/boxicons.ttf]
[technext.github.io/bocor/assets/vendor/boxicons/css/boxicons.min.css]
[technext.github.io/bocor/assets/vendor/venobox/venobox.css]
[technext.github.io/bocor/assets/vendor/aos/aos.css]
[technext.github.io/bocor/assets/vendor/boxicons/fonts/boxiconsd41d.svg]
[technext.github.io/bocor/assets/img/about.jpg]
[technext.github.io/bocor/assets/img/footer-bg.jpg]
[technext.github.io/bocor/assets/css/style.css]
[technext.github.io/bocor/assets/img/features-1.svg]
[technext.github.io/bocor/assets/img/features-2.svg]
[technext.github.io/bocor/assets/img/features-3.svg]
[technext.github.io/bocor/assets/img/features-4.svg]
[technext.github.io/bocor/assets/vendor/boxicons/fonts/boxiconsd41d.svg]
